val it = () : unit
val it = fn : 'a -> 'b -> ('a * 'b -> 'b) -> 'b
val it = fn : int * real -> (real -> string) -> bool
val it = fn : ('a -> 'b -> 'c) -> 'a -> 'b -> 'd -> 'c
val it = fn : 'a -> 'b -> int -> int -> int
val it = fn : ('a -> 'b) -> 'a -> ('b * 'b -> 'c) -> 'c
val it = fn : unit -> unit -> int
val it = fn : 'a -> 'a * 'a -> 'a
val it = fn : int * string * string -> int * string * string
- 
